// Jest Snapshot v1, https://goo.gl/fbAQLP

exports[`Index should render correctly 1`] = `
<q-page
  class="row items-center justify-evenly"
  id="index"
>
  <img
    alt="Zoom Utilities"
    id="logo"
    src=""
  />
</q-page>
`;
