// Jest Snapshot v1, https://goo.gl/fbAQLP

exports[`Meetings should render correctly 1`] = `<!---->`;
