// Jest Snapshot v1, https://goo.gl/fbAQLP

exports[`Passcode should render correctly 1`] = `<!---->`;
